# Force rebuild of VERSION.h every time we run "make"
out/mkversion ./src/../scm/manifest.uuid \
	./src/../scm/manifest \
	./src/../scm/VERSION >out/VERSION.h
out/makeheaders out/add_.c:out/add.h \
out/agent_.c:out/agent.h \
out/agent_runtime_.c:out/agent_runtime.h \
out/agent_store_.c:out/agent_store.h \
out/agent_th1_.c:out/agent_th1.h \
out/agent_web_.c:out/agent_web.h \
out/ai_.c:out/ai.h \
out/ajax_.c:out/ajax.h \
out/alerts_.c:out/alerts.h \
out/allrepo_.c:out/allrepo.h \
out/attach_.c:out/attach.h \
out/backlink_.c:out/backlink.h \
out/backoffice_.c:out/backoffice.h \
out/bag_.c:out/bag.h \
out/bisect_.c:out/bisect.h \
out/blob_.c:out/blob.h \
out/branch_.c:out/branch.h \
out/browse_.c:out/browse.h \
out/builtin_.c:out/builtin.h \
out/bundle_.c:out/bundle.h \
out/cache_.c:out/cache.h \
out/capabilities_.c:out/capabilities.h \
out/captcha_.c:out/captcha.h \
out/cgi_.c:out/cgi.h \
out/chat_.c:out/chat.h \
out/checkin_.c:out/checkin.h \
out/checkout_.c:out/checkout.h \
out/clearsign_.c:out/clearsign.h \
out/clone_.c:out/clone.h \
out/color_.c:out/color.h \
out/comformat_.c:out/comformat.h \
out/configure_.c:out/configure.h \
out/content_.c:out/content.h \
out/cookies_.c:out/cookies.h \
out/db_.c:out/db.h \
out/delta_.c:out/delta.h \
out/deltacmd_.c:out/deltacmd.h \
out/deltafunc_.c:out/deltafunc.h \
out/descendants_.c:out/descendants.h \
out/diff_.c:out/diff.h \
out/diffcmd_.c:out/diffcmd.h \
out/dispatch_.c:out/dispatch.h \
out/doc_.c:out/doc.h \
out/encode_.c:out/encode.h \
out/etag_.c:out/etag.h \
out/event_.c:out/event.h \
out/export_.c:out/export.h \
out/extcgi_.c:out/extcgi.h \
out/file_.c:out/file.h \
out/fileedit_.c:out/fileedit.h \
out/finfo_.c:out/finfo.h \
out/foci_.c:out/foci.h \
out/forum_.c:out/forum.h \
out/fshell_.c:out/fshell.h \
out/fusefs_.c:out/fusefs.h \
out/fuzz_.c:out/fuzz.h \
out/glob_.c:out/glob.h \
out/graph_.c:out/graph.h \
out/gzip_.c:out/gzip.h \
out/hname_.c:out/hname.h \
out/hook_.c:out/hook.h \
out/http_.c:out/http.h \
out/http_socket_.c:out/http_socket.h \
out/http_ssl_.c:out/http_ssl.h \
out/http_transport_.c:out/http_transport.h \
out/import_.c:out/import.h \
out/info_.c:out/info.h \
out/interwiki_.c:out/interwiki.h \
out/json_.c:out/json.h \
out/json_artifact_.c:out/json_artifact.h \
out/json_branch_.c:out/json_branch.h \
out/json_config_.c:out/json_config.h \
out/json_diff_.c:out/json_diff.h \
out/json_dir_.c:out/json_dir.h \
out/json_finfo_.c:out/json_finfo.h \
out/json_login_.c:out/json_login.h \
out/json_query_.c:out/json_query.h \
out/json_report_.c:out/json_report.h \
out/json_status_.c:out/json_status.h \
out/json_tag_.c:out/json_tag.h \
out/json_timeline_.c:out/json_timeline.h \
out/json_user_.c:out/json_user.h \
out/json_wiki_.c:out/json_wiki.h \
out/leaf_.c:out/leaf.h \
out/loadctrl_.c:out/loadctrl.h \
out/login_.c:out/login.h \
out/lookslike_.c:out/lookslike.h \
out/main_.c:out/main.h \
out/manifest_.c:out/manifest.h \
out/markdown_.c:out/markdown.h \
out/markdown_html_.c:out/markdown_html.h \
out/match_.c:out/match.h \
out/md5_.c:out/md5.h \
out/merge_.c:out/merge.h \
out/merge3_.c:out/merge3.h \
out/moderate_.c:out/moderate.h \
out/name_.c:out/name.h \
out/patch_.c:out/patch.h \
out/path_.c:out/path.h \
out/piechart_.c:out/piechart.h \
out/pikchrshow_.c:out/pikchrshow.h \
out/pivot_.c:out/pivot.h \
out/popen_.c:out/popen.h \
out/pqueue_.c:out/pqueue.h \
out/printf_.c:out/printf.h \
out/publish_.c:out/publish.h \
out/purge_.c:out/purge.h \
out/rebuild_.c:out/rebuild.h \
out/regexp_.c:out/regexp.h \
out/repolist_.c:out/repolist.h \
out/report_.c:out/report.h \
out/robot_.c:out/robot.h \
out/rss_.c:out/rss.h \
out/schema_.c:out/schema.h \
out/search_.c:out/search.h \
out/security_audit_.c:out/security_audit.h \
out/setup_.c:out/setup.h \
out/setupuser_.c:out/setupuser.h \
out/sha1_.c:out/sha1.h \
out/sha1hard_.c:out/sha1hard.h \
out/sha3_.c:out/sha3.h \
out/shun_.c:out/shun.h \
out/sitemap_.c:out/sitemap.h \
out/skins_.c:out/skins.h \
out/smtp_.c:out/smtp.h \
out/sqlcmd_.c:out/sqlcmd.h \
out/stash_.c:out/stash.h \
out/stat_.c:out/stat.h \
out/statrep_.c:out/statrep.h \
out/style_.c:out/style.h \
out/sync_.c:out/sync.h \
out/tag_.c:out/tag.h \
out/tar_.c:out/tar.h \
out/terminal_.c:out/terminal.h \
out/th_main_.c:out/th_main.h \
out/timeline_.c:out/timeline.h \
out/tkt_.c:out/tkt.h \
out/tktsetup_.c:out/tktsetup.h \
out/undo_.c:out/undo.h \
out/unicode_.c:out/unicode.h \
out/unversioned_.c:out/unversioned.h \
out/update_.c:out/update.h \
out/url_.c:out/url.h \
out/user_.c:out/user.h \
out/utf8_.c:out/utf8.h \
out/util_.c:out/util.h \
out/verify_.c:out/verify.h \
out/vfile_.c:out/vfile.h \
out/wiki_.c:out/wiki.h \
out/wikiformat_.c:out/wikiformat.h \
out/winfile_.c:out/winfile.h \
out/winhttp_.c:out/winhttp.h \
out/xfer_.c:out/xfer.h \
out/xfersetup_.c:out/xfersetup.h \
out/xsystem_.c:out/xsystem.h \
out/zip_.c:out/zip.h \
./dep/vendor/extsrc/pikchr.c:out/pikchr.h \
./dep/vendor/extsrc/sqlite3.h \
./src/th.h \
out/VERSION.h 
touch out/headers
out/codecheck1 out/add_.c out/agent_.c out/agent_runtime_.c out/agent_store_.c out/agent_th1_.c out/agent_web_.c out/ai_.c out/ajax_.c out/alerts_.c out/allrepo_.c out/attach_.c out/backlink_.c out/backoffice_.c out/bag_.c out/bisect_.c out/blob_.c out/branch_.c out/browse_.c out/builtin_.c out/bundle_.c out/cache_.c out/capabilities_.c out/captcha_.c out/cgi_.c out/chat_.c out/checkin_.c out/checkout_.c out/clearsign_.c out/clone_.c out/color_.c out/comformat_.c out/configure_.c out/content_.c out/cookies_.c out/db_.c out/delta_.c out/deltacmd_.c out/deltafunc_.c out/descendants_.c out/diff_.c out/diffcmd_.c out/dispatch_.c out/doc_.c out/encode_.c out/etag_.c out/event_.c out/export_.c out/extcgi_.c out/file_.c out/fileedit_.c out/finfo_.c out/foci_.c out/forum_.c out/fshell_.c out/fusefs_.c out/fuzz_.c out/glob_.c out/graph_.c out/gzip_.c out/hname_.c out/hook_.c out/http_.c out/http_socket_.c out/http_ssl_.c out/http_transport_.c out/import_.c out/info_.c out/interwiki_.c out/json_.c out/json_artifact_.c out/json_branch_.c out/json_config_.c out/json_diff_.c out/json_dir_.c out/json_finfo_.c out/json_login_.c out/json_query_.c out/json_report_.c out/json_status_.c out/json_tag_.c out/json_timeline_.c out/json_user_.c out/json_wiki_.c out/leaf_.c out/loadctrl_.c out/login_.c out/lookslike_.c out/main_.c out/manifest_.c out/markdown_.c out/markdown_html_.c out/match_.c out/md5_.c out/merge_.c out/merge3_.c out/moderate_.c out/name_.c out/patch_.c out/path_.c out/piechart_.c out/pikchrshow_.c out/pivot_.c out/popen_.c out/pqueue_.c out/printf_.c out/publish_.c out/purge_.c out/rebuild_.c out/regexp_.c out/repolist_.c out/report_.c out/robot_.c out/rss_.c out/schema_.c out/search_.c out/security_audit_.c out/setup_.c out/setupuser_.c out/sha1_.c out/sha1hard_.c out/sha3_.c out/shun_.c out/sitemap_.c out/skins_.c out/smtp_.c out/sqlcmd_.c out/stash_.c out/stat_.c out/statrep_.c out/style_.c out/sync_.c out/tag_.c out/tar_.c out/terminal_.c out/th_main_.c out/timeline_.c out/tkt_.c out/tktsetup_.c out/undo_.c out/unicode_.c out/unversioned_.c out/update_.c out/url_.c out/user_.c out/utf8_.c out/util_.c out/verify_.c out/vfile_.c out/wiki_.c out/wikiformat_.c out/winfile_.c out/winhttp_.c out/xfer_.c out/xfersetup_.c out/xsystem_.c out/zip_.c
cc -Wall -Wdeclaration-after-statement -DFOSSIL_DYNAMIC_BUILD=1  -g -Os -DHAVE_AUTOCONFIG_H  -o bin/fossil out/sqlite3.o out/linenoise.o out/pikchr.o out/shell.o out/th.o out/th_lang.o out/th_tcl.o out/cson_amalgamation.o out/add.o out/agent.o out/agent_runtime.o out/agent_store.o out/agent_th1.o out/agent_web.o out/ai.o out/ajax.o out/alerts.o out/allrepo.o out/attach.o out/backlink.o out/backoffice.o out/bag.o out/bisect.o out/blob.o out/branch.o out/browse.o out/builtin.o out/bundle.o out/cache.o out/capabilities.o out/captcha.o out/cgi.o out/chat.o out/checkin.o out/checkout.o out/clearsign.o out/clone.o out/color.o out/comformat.o out/configure.o out/content.o out/cookies.o out/db.o out/delta.o out/deltacmd.o out/deltafunc.o out/descendants.o out/diff.o out/diffcmd.o out/dispatch.o out/doc.o out/encode.o out/etag.o out/event.o out/export.o out/extcgi.o out/file.o out/fileedit.o out/finfo.o out/foci.o out/forum.o out/fshell.o out/fusefs.o out/fuzz.o out/glob.o out/graph.o out/gzip.o out/hname.o out/hook.o out/http.o out/http_socket.o out/http_ssl.o out/http_transport.o out/import.o out/info.o out/interwiki.o out/json.o out/json_artifact.o out/json_branch.o out/json_config.o out/json_diff.o out/json_dir.o out/json_finfo.o out/json_login.o out/json_query.o out/json_report.o out/json_status.o out/json_tag.o out/json_timeline.o out/json_user.o out/json_wiki.o out/leaf.o out/loadctrl.o out/login.o out/lookslike.o out/main.o out/manifest.o out/markdown.o out/markdown_html.o out/match.o out/md5.o out/merge.o out/merge3.o out/moderate.o out/name.o out/patch.o out/path.o out/piechart.o out/pikchrshow.o out/pivot.o out/popen.o out/pqueue.o out/printf.o out/publish.o out/purge.o out/rebuild.o out/regexp.o out/repolist.o out/report.o out/robot.o out/rss.o out/schema.o out/search.o out/security_audit.o out/setup.o out/setupuser.o out/sha1.o out/sha1hard.o out/sha3.o out/shun.o out/sitemap.o out/skins.o out/smtp.o out/sqlcmd.o out/stash.o out/stat.o out/statrep.o out/style.o out/sync.o out/tag.o out/tar.o out/terminal.o out/th_main.o out/timeline.o out/tkt.o out/tktsetup.o out/undo.o out/unicode.o out/unversioned.o out/update.o out/url.o out/user.o out/utf8.o out/util.o out/verify.o out/vfile.o out/wiki.o out/wikiformat.o out/winfile.o out/winhttp.o out/xfer.o out/xfersetup.o out/xsystem.o out/zip.o -lresolv -lssl -lcrypto -lz -ldl -lpthread -lm
